2026-10-08T18:39:42Z | LICENSE_RECORDED contract=C-20261008183941-f885c77ef9ef72ec amount=50000 license=500
2026-10-08T18:39:42Z | CONTRACT_CREATED id=C-20261008183941-f885c77ef9ef72ec buyer=0xAAA seller=0xBBB amount=50000 license=500
2026-10-08T18:39:42Z | LINK_GENERATED contract=C-20261008183941-f885c77ef9ef72ec role=BUYER link_id=L-BUYER-98507047edc5a97c hash=718704498fba807901e02321e4a86666890bcc88df19017bb0d3d2f2d719c23e
2026-10-08T18:39:42Z | LINK_GENERATED contract=C-20261008183941-f885c77ef9ef72ec role=SELLER link_id=L-SELLER-1d8a6095bd08b096 hash=e43e429c60b4df280a6a57435f9ab360b1e9a0cf58eaf4278d996bbe57519da2
2026-10-08T18:39:42Z | LINK_GENERATED contract=C-20261008183941-f885c77ef9ef72ec role=RECEIPT link_id=L-RECEIPT-2d44bf100e5c11c5 hash=2683f318b2cfcc08c99d49bf852537c3095f15b38625d9fa502834a93450f64a
2026-10-08T18:39:43Z | LINK_CONFIRMED link_id=L-BUYER-98507047edc5a97c role=BUYER by=0xAAA
2026-10-08T18:39:43Z | LINK_CONFIRMED link_id=L-SELLER-1d8a6095bd08b096 role=SELLER by=0xBBB
2026-10-08T18:39:44Z | CONTRACT_COMPLETE id=C-20261008183941-f885c77ef9ef72ec
2026-10-08T18:39:44Z | LINK_CONFIRMED link_id=L-RECEIPT-2d44bf100e5c11c5 role=RECEIPT by=0xAAA
2026-10-08T18:39:55Z | LICENSE_RECORDED contract=C-20261008183955-bab2519661926a45 amount=50000 license=500
2026-10-08T18:39:55Z | CONTRACT_CREATED id=C-20261008183955-bab2519661926a45 buyer=0xAAA seller=0xBBB amount=50000 license=500
2026-10-08T18:39:55Z | LINK_GENERATED contract=C-20261008183955-bab2519661926a45 role=BUYER link_id=L-BUYER-8d423ea03d1aba29 hash=8c204dcfc7d079a7beb634ee2f785cd012ef4dd41d273aa4310dbb91ddecd256
2026-10-08T18:39:55Z | LINK_GENERATED contract=C-20261008183955-bab2519661926a45 role=SELLER link_id=L-SELLER-6cee49b25b34806b hash=773cc1364cb8b3bdada2c26a7315948f00c4b2df41ab71d483892d8e773108c8
2026-10-08T18:39:56Z | LINK_GENERATED contract=C-20261008183955-bab2519661926a45 role=RECEIPT link_id=L-RECEIPT-c34c263353736b5a hash=e4432bd76c99f92ba17b33d19248137baa974a3984e430691cfcaecf2f1d58d6
2026-10-08T18:39:56Z | LINK_CONFIRMED link_id=L-BUYER-8d423ea03d1aba29 role=BUYER by=0xAAA
2026-10-08T18:39:57Z | LINK_CONFIRMED link_id=L-SELLER-6cee49b25b34806b role=SELLER by=0xBBB
2026-10-08T18:39:57Z | CONTRACT_COMPLETE id=C-20261008183955-bab2519661926a45
2026-10-08T18:39:57Z | LINK_CONFIRMED link_id=L-RECEIPT-c34c263353736b5a role=RECEIPT by=0xAAA
2026-10-08T18:46:22Z | LICENSE_RECORDED contract=C-20261008184622-d55a2aa2169fd282 amount=50000 license=500
2026-10-08T18:46:23Z | CONTRACT_CREATED id=C-20261008184622-d55a2aa2169fd282 buyer=0xAAA seller=0xBBB amount=50000 license=500
2026-10-08T18:46:23Z | LINK_GENERATED contract=C-20261008184622-d55a2aa2169fd282 role=BUYER link_id=L-BUYER-176726fb40c7fcaa hash=0b9de9f3c5bc7433b23502286837656861d4c543486e93e217dc1e7c460ea9f5
2026-10-08T18:46:23Z | LINK_GENERATED contract=C-20261008184622-d55a2aa2169fd282 role=SELLER link_id=L-SELLER-f083b07e00c7be4b hash=fbcb42a4c42ab1b856f1493c32c503449d4dd017e275ee5ec9eba50ec467aed7
2026-10-08T18:46:23Z | LINK_GENERATED contract=C-20261008184622-d55a2aa2169fd282 role=RECEIPT link_id=L-RECEIPT-99e8f4493415e8bb hash=762b7234afbb327f02b70fee6e548dcf9a5f7f41c2b55e7892ff3605db267da2
2026-10-08T18:46:23Z | LINK_CONFIRMED link_id=L-BUYER-176726fb40c7fcaa role=BUYER by=0xAAA
2026-10-08T18:46:24Z | LINK_CONFIRMED link_id=L-SELLER-f083b07e00c7be4b role=SELLER by=0xBBB
2026-10-08T18:46:24Z | CONTRACT_COMPLETE id=C-20261008184622-d55a2aa2169fd282
2026-10-08T18:46:24Z | LINK_CONFIRMED link_id=L-RECEIPT-99e8f4493415e8bb role=RECEIPT by=0xAAA
2026-10-08T18:47:04Z | LICENSE_RECORDED contract=C-20261008184704-cb3394645032707f amount=50000 license=500
2026-10-08T18:47:04Z | CONTRACT_CREATED id=C-20261008184704-cb3394645032707f buyer=0xAAA seller=0xBBB amount=50000 license=500
2026-10-08T18:47:04Z | LINK_GENERATED contract=C-20261008184704-cb3394645032707f role=BUYER link_id=L-BUYER-0a23fcc69ce8e962 hash=7745d4a185606aa0016f1e2c80b73f3fe57e1cba3e5fbb06cd6de7c4f503654b
2026-10-08T18:47:05Z | LINK_GENERATED contract=C-20261008184704-cb3394645032707f role=SELLER link_id=L-SELLER-62ebca5666d5d818 hash=358c2ea7af80a694a3253a5fb8d60d250592092a2a0fe3e1aae4955d182854da
2026-10-08T18:47:05Z | LINK_GENERATED contract=C-20261008184704-cb3394645032707f role=RECEIPT link_id=L-RECEIPT-b486d1d8c1d3d52e hash=272fa57f3d99e588209b456783e4a5dfae4f46c43b32b012086da68549235380
2026-10-08T18:47:05Z | LINK_CONFIRMED link_id=L-BUYER-0a23fcc69ce8e962 role=BUYER by=0xAAA
2026-10-08T18:47:06Z | LINK_CONFIRMED link_id=L-SELLER-62ebca5666d5d818 role=SELLER by=0xBBB
2026-10-08T18:47:06Z | CONTRACT_COMPLETE id=C-20261008184704-cb3394645032707f
2026-10-08T18:47:06Z | LINK_CONFIRMED link_id=L-RECEIPT-b486d1d8c1d3d52e role=RECEIPT by=0xAAA
2026-10-08T20:05:28Z | LICENSE_RECORDED contract=C-20261008200528-38acaef75aab2576 amount=50000 license=500
2026-10-08T20:05:28Z | CONTRACT_CREATED id=C-20261008200528-38acaef75aab2576 buyer=0xAAA seller=0xBBB amount=50000 license=500
2026-10-08T20:05:28Z | LINK_GENERATED contract=C-20261008200528-38acaef75aab2576 role=BUYER link_id=L-BUYER-b022b0fcf117a017 hash=a1520ba06d3ba6a5086cbeccf9984f4d20b111c38006e6634b7e4d37c7f2fa1f
2026-10-08T20:05:28Z | LINK_GENERATED contract=C-20261008200528-38acaef75aab2576 role=SELLER link_id=L-SELLER-c036686d5e79c22b hash=a0e6c2ccc9f9e41dc913ec33cc156e1c64832fb575e5e652ea1fa4f8f4d2a252
2026-10-08T20:05:28Z | LINK_GENERATED contract=C-20261008200528-38acaef75aab2576 role=RECEIPT link_id=L-RECEIPT-90f7d7ba165b6ebf hash=273644da4742843b3a4473e5fbb391b57b263f1528c122993e1e455c86a2ed8a
2026-10-08T20:05:29Z | LINK_CONFIRMED link_id=L-BUYER-b022b0fcf117a017 role=BUYER by=0xAAA
2026-10-08T20:05:29Z | LINK_CONFIRMED link_id=L-SELLER-c036686d5e79c22b role=SELLER by=0xBBB
2026-10-08T20:05:30Z | CONTRACT_COMPLETE id=C-20261008200528-38acaef75aab2576
2026-10-08T20:05:30Z | LINK_CONFIRMED link_id=L-RECEIPT-90f7d7ba165b6ebf role=RECEIPT by=0xAAA
2026-10-08T20:05:39Z | LICENSE_RECORDED contract=C-20261008200539-c51de6bf958f7409 amount=50000 license=500
2026-10-08T20:05:39Z | CONTRACT_CREATED id=C-20261008200539-c51de6bf958f7409 buyer=0xAAA seller=0xBBB amount=50000 license=500
2026-10-08T20:05:40Z | LINK_GENERATED contract=C-20261008200539-c51de6bf958f7409 role=BUYER link_id=L-BUYER-108d6df4b62ce5d6 hash=18e8886e3b88efe70dfb5b4c97907d9bfeae29dd6b94a1c2157317530caa5088
2026-10-08T20:05:40Z | LINK_GENERATED contract=C-20261008200539-c51de6bf958f7409 role=SELLER link_id=L-SELLER-0b823a4e9cf64e06 hash=df166adc4900a10cc10f9a3ee868857cd986d9b92aa98341464be51bad2c369a
2026-10-08T20:05:40Z | LINK_GENERATED contract=C-20261008200539-c51de6bf958f7409 role=RECEIPT link_id=L-RECEIPT-ee07fda7b9c21a25 hash=be505922163d1fd0c6c6f85c4c7fecba35197c00fac4203ea672638f1c68096c
2026-10-08T20:05:41Z | LINK_CONFIRMED link_id=L-BUYER-108d6df4b62ce5d6 role=BUYER by=0xAAA
2026-10-08T20:05:41Z | LINK_CONFIRMED link_id=L-SELLER-0b823a4e9cf64e06 role=SELLER by=0xBBB
2026-10-08T20:05:42Z | CONTRACT_COMPLETE id=C-20261008200539-c51de6bf958f7409
2026-10-08T20:05:42Z | LINK_CONFIRMED link_id=L-RECEIPT-ee07fda7b9c21a25 role=RECEIPT by=0xAAA
2026-10-08T20:07:08Z | LICENSE_RECORDED contract=C-20261008200708-79ea06fd07e1aae6 amount=50000 license=500
2026-10-08T20:07:08Z | CONTRACT_CREATED id=C-20261008200708-79ea06fd07e1aae6 buyer=0xAAA seller=0xBBB amount=50000 license=500
2026-10-08T20:07:08Z | LINK_GENERATED contract=C-20261008200708-79ea06fd07e1aae6 role=BUYER link_id=L-BUYER-81f0368c5d0d9fef hash=a261ed632546c805d63c208820eaea92f4fd97b83146416f59e591baeee4b832
2026-10-08T20:07:08Z | LINK_GENERATED contract=C-20261008200708-79ea06fd07e1aae6 role=SELLER link_id=L-SELLER-bc83324767358980 hash=8f2497d540a1f4f3e8730d11952db24292083a23cc26745164edbe7d8034e9c2
2026-10-08T20:07:09Z | LINK_GENERATED contract=C-20261008200708-79ea06fd07e1aae6 role=RECEIPT link_id=L-RECEIPT-647f09ad2e1961b2 hash=43b9883f9b0e8a601c95b449a28ab831b6397fab5cc2c3302ba6ad60c4f072a1
2026-10-08T20:07:09Z | LINK_CONFIRMED link_id=L-BUYER-81f0368c5d0d9fef role=BUYER by=0xAAA
2026-10-08T20:07:09Z | LINK_CONFIRMED link_id=L-SELLER-bc83324767358980 role=SELLER by=0xBBB
2026-10-08T20:07:10Z | CONTRACT_COMPLETE id=C-20261008200708-79ea06fd07e1aae6
2026-10-08T20:07:10Z | LINK_CONFIRMED link_id=L-RECEIPT-647f09ad2e1961b2 role=RECEIPT by=0xAAA
2026-10-08T20:10:43Z | LICENSE_RECORDED contract=C-20261008201043-9d517afb0782d54c amount=50000 license=500
2026-10-08T20:10:43Z | CONTRACT_CREATED id=C-20261008201043-9d517afb0782d54c buyer=0xAAA seller=0xBBB amount=50000 license=500
2026-10-08T20:10:43Z | LINK_GENERATED contract=C-20261008201043-9d517afb0782d54c role=BUYER link_id=L-BUYER-6461ba8ba9b7389d hash=ecb2cd18160979aa28399fda816992039d2c6ff2d8b1368638165bda4e9753b4
2026-10-08T20:10:43Z | LINK_GENERATED contract=C-20261008201043-9d517afb0782d54c role=SELLER link_id=L-SELLER-14371c1d54b96364 hash=705be349af46739efa004a5fc80b9462e2ab6ecd8add3afc4241ff2981e969fb
2026-10-08T20:10:43Z | LINK_GENERATED contract=C-20261008201043-9d517afb0782d54c role=RECEIPT link_id=L-RECEIPT-133c2f0387b54a31 hash=8ce4517285bc29fb7afdadd7d5440c97b971de515a12ace29ea8011eb9401911
2026-10-08T20:10:44Z | LINK_CONFIRMED link_id=L-BUYER-6461ba8ba9b7389d role=BUYER by=0xAAA
2026-10-08T20:10:44Z | LINK_CONFIRMED link_id=L-SELLER-14371c1d54b96364 role=SELLER by=0xBBB
2026-10-08T20:10:45Z | CONTRACT_COMPLETE id=C-20261008201043-9d517afb0782d54c
2026-10-08T20:10:45Z | LINK_CONFIRMED link_id=L-RECEIPT-133c2f0387b54a31 role=RECEIPT by=0xAAA
2026-10-08T20:17:03Z | LICENSE_RECORDED contract=C-20261008201703-6d2a28e0de842bad amount=50000 license=500
2026-10-08T20:17:03Z | CONTRACT_CREATED id=C-20261008201703-6d2a28e0de842bad buyer=0xAAA seller=0xBBB amount=50000 license=500
2026-10-08T20:17:03Z | LINK_GENERATED contract=C-20261008201703-6d2a28e0de842bad role=BUYER link_id=L-BUYER-8ec4de88be17245c hash=2c53302d6447744e8aa330ead270babe8c5cb958b24f7510ad94e59598dc2b2a
2026-10-08T20:17:04Z | LINK_GENERATED contract=C-20261008201703-6d2a28e0de842bad role=SELLER link_id=L-SELLER-d57bf1e1c7997229 hash=d9fa7cd260c5e07dc3d31dd900525c367c37b1a950bbbdf88f674cd0c10c4eb8
2026-10-08T20:17:04Z | LINK_GENERATED contract=C-20261008201703-6d2a28e0de842bad role=RECEIPT link_id=L-RECEIPT-9f3f691b53c14503 hash=6d5a3489faaacca16f848dade8dbdbec61314a01f4f1f6d41720e72bc433cca9
2026-10-08T20:17:04Z | LINK_CONFIRMED link_id=L-BUYER-8ec4de88be17245c role=BUYER by=0xAAA
2026-10-08T20:17:05Z | LINK_CONFIRMED link_id=L-SELLER-d57bf1e1c7997229 role=SELLER by=0xBBB
2026-10-08T20:17:05Z | CONTRACT_COMPLETE id=C-20261008201703-6d2a28e0de842bad
2026-10-08T20:17:05Z | LINK_CONFIRMED link_id=L-RECEIPT-9f3f691b53c14503 role=RECEIPT by=0xAAA
